2025-09-28 19:08:09,422 - AEGIS-X.IntelligenceEngine - INFO - 🕵️ Intelligence Engine initialized with comprehensive OSINT capabilities
2025-09-28 19:08:09,422 - AEGIS-X.VerificationEngine - INFO - 🔍 Verification Engine initialized with triple verification protocol
2025-09-28 19:08:09,422 - AEGIS-X.LearningEngine - INFO - 🧠 Learning Engine initialized with adaptive intelligence
2025-09-28 19:08:09,422 - AEGIS-X.WebHunter - INFO - 🌐 Web Hunter initialized with comprehensive web security arsenal
2025-09-28 19:08:09,422 - AEGIS-X.MobileHunter - INFO - 📱 Mobile Hunter initialized with comprehensive mobile security arsenal
2025-09-28 19:08:09,422 - AEGIS-X.FileHunter - INFO - 📄 File Hunter initialized with comprehensive file analysis capabilities
2025-09-28 19:08:09,422 - AEGIS-X.NetworkHunter - INFO - 🌐 Network Hunter initialized with comprehensive network security capabilities
2025-09-28 19:08:09,422 - AEGIS-X.CodeHunter - INFO - 💻 Code Hunter initialized with comprehensive static analysis capabilities
2025-09-28 19:08:09,422 - AEGIS-X.ReconStrategist - INFO - 🧠 Recon Strategist initialized with self-learning capabilities
2025-09-28 19:08:09,423 - AEGIS-X.VulnTactician - INFO - 🎯 Vulnerability Tactician initialized with escalation intelligence
2025-09-28 19:08:09,423 - AEGIS-X.PoCEngineer - INFO - 🛠️ PoC Engineer initialized with exploit generation capabilities
2025-09-28 19:08:09,423 - AEGIS-X.EvidenceArchitect - INFO - 📸 Evidence Architect initialized with comprehensive capture capabilities
2025-09-28 19:08:09,423 - AEGIS-X.ReportGeneral - INFO - 📝 Report General initialized with professional reporting capabilities
2025-09-28 19:08:09,423 - AEGIS-X.Orchestrator - INFO - 🚀 AEGIS-X Orchestrator initialized - Ready for autonomous hunting
2025-09-28 19:08:09,423 - AEGIS-X.Orchestrator - INFO - 🎯 Starting AEGIS-X autonomous hunting session
2025-09-28 19:08:09,423 - AEGIS-X.Classifier - INFO - 🔍 Classifying target: app.aikido.dev
2025-09-28 19:08:09,425 - AEGIS-X.Classifier - INFO - 📝 Target classified as: WEB
2025-09-28 19:08:09,425 - AEGIS-X.Classifier - INFO - 🎯 Confidence: 0.80
2025-09-28 19:08:09,425 - AEGIS-X.Classifier - INFO - 💭 Reasoning: Matched pattern: Domain name
2025-09-28 19:08:09,425 - AEGIS-X.Orchestrator - ERROR - Failed to load targets: object ClassificationResult can't be used in 'await' expression
2025-09-28 19:08:09,425 - AEGIS-X.Orchestrator - ERROR - Hunt session failed: object ClassificationResult can't be used in 'await' expression
2025-09-28 19:08:09,425 - AEGIS-X.Orchestrator - INFO - 🏆 Hunt session completed - 0 verified findings
