2025-09-28 19:08:56,182 - AEGIS-X.IntelligenceEngine - INFO - 🕵️ Intelligence Engine initialized with comprehensive OSINT capabilities
2025-09-28 19:08:56,182 - AEGIS-X.VerificationEngine - INFO - 🔍 Verification Engine initialized with triple verification protocol
2025-09-28 19:08:56,182 - AEGIS-X.LearningEngine - INFO - 🧠 Learning Engine initialized with adaptive intelligence
2025-09-28 19:08:56,183 - AEGIS-X.WebHunter - INFO - 🌐 Web Hunter initialized with comprehensive web security arsenal
2025-09-28 19:08:56,183 - AEGIS-X.MobileHunter - INFO - 📱 Mobile Hunter initialized with comprehensive mobile security arsenal
2025-09-28 19:08:56,183 - AEGIS-X.FileHunter - INFO - 📄 File Hunter initialized with comprehensive file analysis capabilities
2025-09-28 19:08:56,183 - AEGIS-X.NetworkHunter - INFO - 🌐 Network Hunter initialized with comprehensive network security capabilities
2025-09-28 19:08:56,183 - AEGIS-X.CodeHunter - INFO - 💻 Code Hunter initialized with comprehensive static analysis capabilities
2025-09-28 19:08:56,183 - AEGIS-X.ReconStrategist - INFO - 🧠 Recon Strategist initialized with self-learning capabilities
2025-09-28 19:08:56,183 - AEGIS-X.VulnTactician - INFO - 🎯 Vulnerability Tactician initialized with escalation intelligence
2025-09-28 19:08:56,183 - AEGIS-X.PoCEngineer - INFO - 🛠️ PoC Engineer initialized with exploit generation capabilities
2025-09-28 19:08:56,183 - AEGIS-X.EvidenceArchitect - INFO - 📸 Evidence Architect initialized with comprehensive capture capabilities
2025-09-28 19:08:56,183 - AEGIS-X.ReportGeneral - INFO - 📝 Report General initialized with professional reporting capabilities
2025-09-28 19:08:56,183 - AEGIS-X.Orchestrator - INFO - 🚀 AEGIS-X Orchestrator initialized - Ready for autonomous hunting
2025-09-28 19:08:56,183 - AEGIS-X.Orchestrator - INFO - 🎯 Starting AEGIS-X autonomous hunting session
2025-09-28 19:08:56,183 - AEGIS-X.Classifier - INFO - 🔍 Classifying target: app.aikido.dev
2025-09-28 19:08:56,185 - AEGIS-X.Classifier - INFO - 📝 Target classified as: WEB
2025-09-28 19:08:56,185 - AEGIS-X.Classifier - INFO - 🎯 Confidence: 0.80
2025-09-28 19:08:56,185 - AEGIS-X.Classifier - INFO - 💭 Reasoning: Matched pattern: Domain name
2025-09-28 19:08:56,185 - AEGIS-X.Orchestrator - INFO - 🔍 Target 5: app.aikido.dev -> web
2025-09-28 19:08:56,185 - AEGIS-X.Classifier - INFO - 🔍 Classifying target: *.aikido.dev
2025-09-28 19:08:56,186 - AEGIS-X.Classifier - INFO - 📝 Target classified as: WEB
2025-09-28 19:08:56,186 - AEGIS-X.Classifier - INFO - 🎯 Confidence: 0.85
2025-09-28 19:08:56,186 - AEGIS-X.Classifier - INFO - 💭 Reasoning: Matched pattern: Wildcard domain
2025-09-28 19:08:56,186 - AEGIS-X.Orchestrator - INFO - 🔍 Target 6: *.aikido.dev -> web
2025-09-28 19:08:56,186 - AEGIS-X.Orchestrator - INFO - 📋 Loaded 2 targets for hunting
2025-09-28 19:08:56,186 - AEGIS-X.Orchestrator - INFO - 🎯 Hunting target: app.aikido.dev (Type: web)
2025-09-28 19:08:56,186 - AEGIS-X.Orchestrator - INFO - 🕵️ Phase 1: Intelligence Gathering
2025-09-28 19:08:56,186 - AEGIS-X.IntelligenceEngine - INFO - 🔍 Analyzing target intelligence: app.aikido.dev
2025-09-28 19:08:56,582 - httpx - INFO - HTTP Request: GET https://app.aikido.dev "HTTP/1.1 200 OK"
2025-09-28 19:08:56,831 - httpx - INFO - HTTP Request: GET https://app.aikido.dev/robots.txt "HTTP/1.1 200 OK"
2025-09-28 19:08:56,961 - httpx - INFO - HTTP Request: GET https://app.aikido.dev/sitemap.xml "HTTP/1.1 200 OK"
2025-09-28 19:08:58,249 - httpx - INFO - HTTP Request: GET https://app.aikido.dev "HTTP/1.1 200 OK"
2025-09-28 19:08:58,376 - whois.whois - ERROR - Error trying to connect to socket: closing socket - [Errno -2] Name or service not known
2025-09-28 19:08:58,379 - AEGIS-X.IntelligenceEngine - INFO - ✅ Intelligence analysis completed - Confidence: 1.00
2025-09-28 19:08:58,379 - AEGIS-X.Orchestrator - ERROR - Target hunting failed for app.aikido.dev: 'ReconStrategist' object has no attribute 'analyze'
2025-09-28 19:08:58,379 - AEGIS-X.Orchestrator - INFO - 🎯 Hunting target: *.aikido.dev (Type: web)
2025-09-28 19:08:58,379 - AEGIS-X.Orchestrator - INFO - 🕵️ Phase 1: Intelligence Gathering
2025-09-28 19:08:58,379 - AEGIS-X.IntelligenceEngine - INFO - 🔍 Analyzing target intelligence: *.aikido.dev
2025-09-28 19:08:59,079 - AEGIS-X.IntelligenceEngine - WARNING - Technology detection failed: [Errno -2] Name or service not known
2025-09-28 19:08:59,081 - whois.whois - ERROR - Error trying to connect to socket: closing socket - [Errno -2] Name or service not known
2025-09-28 19:08:59,082 - AEGIS-X.IntelligenceEngine - INFO - ✅ Intelligence analysis completed - Confidence: 0.71
2025-09-28 19:08:59,082 - AEGIS-X.Orchestrator - ERROR - Target hunting failed for *.aikido.dev: 'ReconStrategist' object has no attribute 'analyze'
2025-09-28 19:08:59,082 - AEGIS-X.Orchestrator - INFO - 🔬 Starting comprehensive verification of all findings
2025-09-28 19:08:59,082 - AEGIS-X.Orchestrator - INFO - 🎉 Verification completed - 0/0 findings verified
2025-09-28 19:08:59,082 - AEGIS-X.Orchestrator - INFO - 📝 Generating comprehensive reports
2025-09-28 19:08:59,082 - AEGIS-X.Orchestrator - INFO - No verified findings to report
2025-09-28 19:08:59,082 - AEGIS-X.Orchestrator - INFO - 🧠 Learning from hunting session
2025-09-28 19:08:59,082 - AEGIS-X.Orchestrator - ERROR - Learning failed: 'LearningEngine' object has no attribute 'analyze_session'
2025-09-28 19:08:59,083 - AEGIS-X.Orchestrator - INFO - 🏆 Hunt session completed - 0 verified findings
