2025-09-28 19:18:02,877 - AEGIS-X.IntelligenceEngine - INFO - 🕵️ Intelligence Engine initialized with comprehensive OSINT capabilities
2025-09-28 19:18:02,877 - AEGIS-X.VerificationEngine - INFO - 🔍 Verification Engine initialized with triple verification protocol
2025-09-28 19:18:02,877 - AEGIS-X.LearningEngine - INFO - 🧠 Learning Engine initialized with adaptive intelligence
2025-09-28 19:18:02,877 - AEGIS-X.WebHunter - INFO - 🌐 Web Hunter initialized with comprehensive web security arsenal
2025-09-28 19:18:02,877 - AEGIS-X.MobileHunter - INFO - 📱 Mobile Hunter initialized with comprehensive mobile security arsenal
2025-09-28 19:18:02,877 - AEGIS-X.FileHunter - INFO - 📄 File Hunter initialized with comprehensive file analysis capabilities
2025-09-28 19:18:02,877 - AEGIS-X.NetworkHunter - INFO - 🌐 Network Hunter initialized with comprehensive network security capabilities
2025-09-28 19:18:02,878 - AEGIS-X.CodeHunter - INFO - 💻 Code Hunter initialized with comprehensive static analysis capabilities
2025-09-28 19:18:02,878 - AEGIS-X.ReconStrategist - INFO - 🧠 Recon Strategist initialized with self-learning capabilities
2025-09-28 19:18:02,878 - AEGIS-X.VulnTactician - INFO - 🎯 Vulnerability Tactician initialized with escalation intelligence
2025-09-28 19:18:02,878 - AEGIS-X.PoCEngineer - INFO - 🛠️ PoC Engineer initialized with exploit generation capabilities
2025-09-28 19:18:02,878 - AEGIS-X.EvidenceArchitect - INFO - 📸 Evidence Architect initialized with comprehensive capture capabilities
2025-09-28 19:18:02,878 - AEGIS-X.ReportGeneral - INFO - 📝 Report General initialized with professional reporting capabilities
2025-09-28 19:18:02,878 - AEGIS-X.Orchestrator - INFO - 🚀 AEGIS-X Orchestrator initialized - Ready for autonomous hunting
2025-09-28 19:18:02,878 - AEGIS-X.Orchestrator - INFO - 🎯 Starting AEGIS-X autonomous hunting session
2025-09-28 19:18:02,878 - AEGIS-X.Classifier - INFO - 🔍 Classifying target: app.aikido.dev
2025-09-28 19:18:02,879 - AEGIS-X.Classifier - INFO - 📝 Target classified as: WEB
2025-09-28 19:18:02,880 - AEGIS-X.Classifier - INFO - 🎯 Confidence: 0.80
2025-09-28 19:18:02,880 - AEGIS-X.Classifier - INFO - 💭 Reasoning: Matched pattern: Domain name
2025-09-28 19:18:02,880 - AEGIS-X.Orchestrator - INFO - 🔍 Target 5: app.aikido.dev -> web
2025-09-28 19:18:02,880 - AEGIS-X.Classifier - INFO - 🔍 Classifying target: *.aikido.dev
2025-09-28 19:18:02,880 - AEGIS-X.Classifier - INFO - 📝 Target classified as: WEB
2025-09-28 19:18:02,880 - AEGIS-X.Classifier - INFO - 🎯 Confidence: 0.85
2025-09-28 19:18:02,880 - AEGIS-X.Classifier - INFO - 💭 Reasoning: Matched pattern: Wildcard domain
2025-09-28 19:18:02,880 - AEGIS-X.Orchestrator - INFO - 🔍 Target 6: *.aikido.dev -> web
2025-09-28 19:18:02,880 - AEGIS-X.Orchestrator - INFO - 📋 Loaded 2 targets for hunting
2025-09-28 19:18:02,880 - AEGIS-X.Orchestrator - INFO - 🎯 Hunting target: app.aikido.dev (Type: web)
2025-09-28 19:18:02,881 - AEGIS-X.Orchestrator - INFO - 🕵️ Phase 1: Intelligence Gathering
2025-09-28 19:18:02,881 - AEGIS-X.IntelligenceEngine - INFO - 🔍 Analyzing target intelligence: app.aikido.dev
2025-09-28 19:18:02,881 - AEGIS-X.Orchestrator - ERROR - Target hunting failed for app.aikido.dev: ReconStrategist.analyze() missing 1 required positional argument: 'intelligence'
2025-09-28 19:18:02,881 - AEGIS-X.Orchestrator - INFO - 🎯 Hunting target: *.aikido.dev (Type: web)
2025-09-28 19:18:02,881 - AEGIS-X.Orchestrator - INFO - 🕵️ Phase 1: Intelligence Gathering
2025-09-28 19:18:02,881 - AEGIS-X.IntelligenceEngine - INFO - 🔍 Analyzing target intelligence: *.aikido.dev
2025-09-28 19:18:02,881 - AEGIS-X.Orchestrator - ERROR - Target hunting failed for *.aikido.dev: ReconStrategist.analyze() missing 1 required positional argument: 'intelligence'
2025-09-28 19:18:02,881 - AEGIS-X.Orchestrator - INFO - 🔬 Starting comprehensive verification of all findings
2025-09-28 19:18:02,881 - AEGIS-X.Orchestrator - INFO - 🎉 Verification completed - 0/0 findings verified
2025-09-28 19:18:02,881 - AEGIS-X.Orchestrator - INFO - 📝 Generating comprehensive reports
2025-09-28 19:18:02,881 - AEGIS-X.Orchestrator - INFO - No verified findings to report
2025-09-28 19:18:02,881 - AEGIS-X.Orchestrator - INFO - 🧠 Learning from hunting session
2025-09-28 19:18:02,881 - AEGIS-X.LearningEngine - INFO - 🧠 Analyzing session for learning: hunt_1759087082
2025-09-28 19:18:02,881 - AEGIS-X.Orchestrator - ERROR - Learning failed: 'ClassificationResult' object has no attribute 'get'
2025-09-28 19:18:02,881 - AEGIS-X.Orchestrator - INFO - 🏆 Hunt session completed - 0 verified findings
